------------------------------------------------------------
TimeQuest Timing Analyzer Summary
------------------------------------------------------------

Type  : Slow 1200mV 85C Model Setup 'rlc_microservice:inst|reset_o'
Slack : -2.106
TNS   : -7.506

Type  : Slow 1200mV 85C Model Setup 'clk'
Slack : -1.170
TNS   : -6.420

Type  : Slow 1200mV 85C Model Setup 'enable'
Slack : -0.990
TNS   : -2.693

Type  : Slow 1200mV 85C Model Hold 'rlc_microservice:inst|reset_o'
Slack : -0.534
TNS   : -1.734

Type  : Slow 1200mV 85C Model Hold 'clk'
Slack : 0.110
TNS   : 0.000

Type  : Slow 1200mV 85C Model Hold 'enable'
Slack : 0.646
TNS   : 0.000

Type  : Slow 1200mV 85C Model Recovery 'clk'
Slack : -0.011
TNS   : -0.055

Type  : Slow 1200mV 85C Model Removal 'clk'
Slack : 0.049
TNS   : 0.000

Type  : Slow 1200mV 85C Model Minimum Pulse Width 'clk'
Slack : -3.000
TNS   : -16.000

Type  : Slow 1200mV 85C Model Minimum Pulse Width 'enable'
Slack : -3.000
TNS   : -3.000

Type  : Slow 1200mV 85C Model Minimum Pulse Width 'rlc_microservice:inst|reset_o'
Slack : 0.473
TNS   : 0.000

Type  : Slow 1200mV 0C Model Setup 'rlc_microservice:inst|reset_o'
Slack : -1.870
TNS   : -6.652

Type  : Slow 1200mV 0C Model Setup 'clk'
Slack : -1.014
TNS   : -5.458

Type  : Slow 1200mV 0C Model Setup 'enable'
Slack : -0.782
TNS   : -2.099

Type  : Slow 1200mV 0C Model Hold 'rlc_microservice:inst|reset_o'
Slack : -0.451
TNS   : -1.450

Type  : Slow 1200mV 0C Model Hold 'clk'
Slack : 0.141
TNS   : 0.000

Type  : Slow 1200mV 0C Model Hold 'enable'
Slack : 0.593
TNS   : 0.000

Type  : Slow 1200mV 0C Model Recovery 'clk'
Slack : 0.016
TNS   : 0.000

Type  : Slow 1200mV 0C Model Removal 'clk'
Slack : 0.018
TNS   : 0.000

Type  : Slow 1200mV 0C Model Minimum Pulse Width 'clk'
Slack : -3.000
TNS   : -16.000

Type  : Slow 1200mV 0C Model Minimum Pulse Width 'enable'
Slack : -3.000
TNS   : -3.000

Type  : Slow 1200mV 0C Model Minimum Pulse Width 'rlc_microservice:inst|reset_o'
Slack : 0.449
TNS   : 0.000

Type  : Fast 1200mV 0C Model Setup 'rlc_microservice:inst|reset_o'
Slack : -0.912
TNS   : -3.105

Type  : Fast 1200mV 0C Model Setup 'clk'
Slack : -0.736
TNS   : -4.160

Type  : Fast 1200mV 0C Model Setup 'enable'
Slack : -0.137
TNS   : -0.244

Type  : Fast 1200mV 0C Model Hold 'rlc_microservice:inst|reset_o'
Slack : -0.358
TNS   : -1.238

Type  : Fast 1200mV 0C Model Hold 'clk'
Slack : 0.003
TNS   : 0.000

Type  : Fast 1200mV 0C Model Hold 'enable'
Slack : 0.322
TNS   : 0.000

Type  : Fast 1200mV 0C Model Recovery 'clk'
Slack : 0.192
TNS   : 0.000

Type  : Fast 1200mV 0C Model Removal 'clk'
Slack : 0.020
TNS   : 0.000

Type  : Fast 1200mV 0C Model Minimum Pulse Width 'clk'
Slack : -3.000
TNS   : -16.618

Type  : Fast 1200mV 0C Model Minimum Pulse Width 'enable'
Slack : -3.000
TNS   : -3.000

Type  : Fast 1200mV 0C Model Minimum Pulse Width 'rlc_microservice:inst|reset_o'
Slack : 0.444
TNS   : 0.000

------------------------------------------------------------
